 rylnd/ruby
 brendanburns/redis-slave
 mritd/shadowsocks
 gliderlabs/consul-agent
 concourse/buildroot
 brandnetworks/cloudwatch-monitor
 prima/filebeat
 convox/api
 weaveworks/weave
 doct15/test
 weaveworks/weaveexec
 drone/drone
 xueshanf/awscli
 saturnism/spring-boot-helloworld-ui
 logentries/docker-logentries
 dataloop/dataloop-docker
 grafana/grafana
 mailgun/vulcand
 jwilder/nginx-proxy
 fedora
 barchart/dockerup
 meltwater/docker-cleanup
 tomcat
 sumologic/collector
 ciscocloud/nginx-mantlui
 behance/docker-dd-agent
 kubernetes/heapster
 runmymind/docker-android-sdk
 benbrown/git-mirror
 ciscocloud/logstash
 openshift/base-centos7
 lowid/ss-with-net-speeder
 prom/prometheus
 iron/images
 progrium/registrator
 broadinstitute/genomes-in-the-cloud
 anchorfree/ipset-updater
 haproxy
 anchorfree/bind
 gitlab/gitlab-ce
 anchorfree/filebeat
 anchorfree/linker
 skynetservices/skydns
 onorua/openxdb-hacks
 docker
 mariadb
 memcached
 cockroachdb/cockroach
 cfcommunity/slack-notification-resource
 rabbitmq
 java
 nguoianphu/docker-filebeat
 garland/loggly
 cgswong/aws
 prom/blackbox-exporter
 php
 remmelt/docker-gc
 portainer/portainer
 python
 ciscocloud/nginx-consul
 gogs/gogs
 mesosphere/mesos-master
 smounives/shadowsocksr-docker
 debian
 sysdig/agent
 thefactory/zookeeper-exhibitor
 ruby
 vaikas/nodejsservice
 mesosphere/mesos-slave
 wordpress
 httpd
 iadvize/redis
 kubernetes/pause
 yelp/docker-custodian
 swarm
 node
 centurylink/watchtower
 behance/docker-sumologic
 hello-world
 gliderlabs/logspout
 postgres
 microsoft/oms
 amazon/amazon-ecs-agent
 logstash
 elasticsearch
 atmoz/sftp
 prom/node-exporter
 mongo
 iron/node
 behance/docker-cfn-bootstrap
 alpine
 datadog/docker-dd-agent
 weaveworks/scope
 newrelic/nrsysmond
 openshift/hello-openshift
 gliderlabs/registrator
 ubuntu
 redis
 google/cadvisor
 nginx
